// Vitest Snapshot v1, https://vitest.dev/guide/snapshot.html

exports[`api returns data in expected format 1`] = `
{
  "category": "Supreme",
  "description": "A classic pizza topped with tomatoes, mozzarella, and basil.",
  "id": "calabrese",
  "image": "/pizzas/calabrese.webp",
  "name": " The Calabrese Pizza",
  "size": {
    "L": 20.25,
    "M": 16.25,
    "S": 12.25,
  },
}
`;

exports[`snapshot with nothing in cart 1`] = `
<DocumentFragment>
  <div
    class="cart"
  >
    <h2>
      Cart
    </h2>
    <ul />
    <p>
      Total: $0.00
    </p>
    <button>
      Checkout
    </button>
  </div>
</DocumentFragment>
`;
